127.0.0.1 - - [17/Jan/2020:09:49:47 +0530] "GET / HTTP/1.1" 404 709
0:0:0:0:0:0:0:1 - - [17/Jan/2020:09:51:57 +0530] "POST /fms_springrest/adminRegister HTTP/1.1" 200 109
0:0:0:0:0:0:0:1 - - [17/Jan/2020:09:54:38 +0530] "POST /fms_springrest/clientSignUp HTTP/1.1" 200 110
0:0:0:0:0:0:0:1 - - [17/Jan/2020:09:55:38 +0530] "POST /fms_springrest/clientLogin HTTP/1.1" 200 172
0:0:0:0:0:0:0:1 - - [17/Jan/2020:09:56:25 +0530] "POST /fms_springrest/clientLogin HTTP/1.1" 200 99
127.0.0.1 - - [17/Jan/2020:09:58:24 +0530] "GET / HTTP/1.1" 404 709
0:0:0:0:0:0:0:1 - - [17/Jan/2020:09:58:51 +0530] "POST /fms_springrest/clientLogin HTTP/1.1" 200 106
127.0.0.1 - - [17/Jan/2020:17:37:12 +0530] "GET / HTTP/1.1" 404 709
0:0:0:0:0:0:0:1 - - [17/Jan/2020:17:39:04 +0530] "POST /add-product HTTP/1.1" 404 720
0:0:0:0:0:0:0:1 - - [17/Jan/2020:17:40:17 +0530] "POST /fms_springrest/add-product HTTP/1.1" 200 104
0:0:0:0:0:0:0:1 - - [17/Jan/2020:17:40:32 +0530] "POST /fms_springrest/add-product HTTP/1.1" 200 100
0:0:0:0:0:0:0:1 - - [17/Jan/2020:17:40:40 +0530] "POST /fms_springrest/add-product HTTP/1.1" 400 762
0:0:0:0:0:0:0:1 - - [17/Jan/2020:17:41:59 +0530] "POST /fms_springrest/add-product HTTP/1.1" 200 100
0:0:0:0:0:0:0:1 - - [17/Jan/2020:17:42:10 +0530] "POST /fms_springrest/add-product HTTP/1.1" 200 100
127.0.0.1 - - [17/Jan/2020:18:35:54 +0530] "GET / HTTP/1.1" 404 709
0:0:0:0:0:0:0:1 - - [17/Jan/2020:18:36:33 +0530] "POST /fms_springrest/add-product HTTP/1.1" 200 104
0:0:0:0:0:0:0:1 - - [17/Jan/2020:18:36:48 +0530] "POST /fms_springrest/delete-product/37 HTTP/1.1" 404 682
0:0:0:0:0:0:0:1 - - [17/Jan/2020:18:36:58 +0530] "DELETE /fms_springrest/delete-product/37 HTTP/1.1" 404 682
0:0:0:0:0:0:0:1 - - [17/Jan/2020:18:37:33 +0530] "DELETE /fms_springrest/deleteProduct/37 HTTP/1.1" 500 777
0:0:0:0:0:0:0:1 - - [17/Jan/2020:18:39:23 +0530] "DELETE /fms_springrest/deleteProduct/37 HTTP/1.1" 500 777
0:0:0:0:0:0:0:1 - - [17/Jan/2020:18:40:27 +0530] "PUT /fms_springrest/modify-productnam HTTP/1.1" 404 682
0:0:0:0:0:0:0:1 - - [17/Jan/2020:18:40:37 +0530] "PUT /fms_springrest/modify-productname HTTP/1.1" 500 3395
0:0:0:0:0:0:0:1 - - [17/Jan/2020:18:41:05 +0530] "PUT /fms_springrest/modify-productname HTTP/1.1" 500 3395
0:0:0:0:0:0:0:1 - - [17/Jan/2020:18:42:18 +0530] "PUT /fms_springrest/modify-productname HTTP/1.1" 500 3395
0:0:0:0:0:0:0:1 - - [17/Jan/2020:18:42:40 +0530] "PUT /fms_springrest/modify-productname HTTP/1.1" 500 3395
127.0.0.1 - - [17/Jan/2020:18:45:26 +0530] "GET / HTTP/1.1" 404 709
0:0:0:0:0:0:0:1 - - [17/Jan/2020:18:46:31 +0530] "PUT /fms_springrest/modify-productname HTTP/1.1" 200 102
0:0:0:0:0:0:0:1 - - [17/Jan/2020:19:01:40 +0530] "PUT /fms_springrest/modify-productname HTTP/1.1" 200 102
0:0:0:0:0:0:0:1 - - [17/Jan/2020:19:01:53 +0530] "PUT /fms_springrest/modify-productname HTTP/1.1" 200 100
0:0:0:0:0:0:0:1 - - [17/Jan/2020:19:02:05 +0530] "PUT /fms_springrest/modify-productname HTTP/1.1" 200 92
0:0:0:0:0:0:0:1 - - [17/Jan/2020:19:07:35 +0530] "PUT /fms_springrest/modify-productname HTTP/1.1" 200 100
0:0:0:0:0:0:0:1 - - [17/Jan/2020:19:08:14 +0530] "PUT /fms_springrest/add-contractor HTTP/1.1" 405 749
0:0:0:0:0:0:0:1 - - [17/Jan/2020:19:08:22 +0530] "POST /fms_springrest/add-contractor HTTP/1.1" 200 109
127.0.0.1 - - [17/Jan/2020:19:09:59 +0530] "GET / HTTP/1.1" 404 709
0:0:0:0:0:0:0:1 - - [17/Jan/2020:19:10:17 +0530] "POST /fms_springrest/add-contractor HTTP/1.1" 200 119
0:0:0:0:0:0:0:1 - - [17/Jan/2020:19:11:39 +0530] "POST /fms_springrest/add-contractor HTTP/1.1" 400 762
0:0:0:0:0:0:0:1 - - [17/Jan/2020:19:12:06 +0530] "PUT /fms_springrest/add-contractor HTTP/1.1" 405 749
0:0:0:0:0:0:0:1 - - [17/Jan/2020:19:12:41 +0530] "POST /fms_springrest/add-contractor HTTP/1.1" 400 762
127.0.0.1 - - [17/Jan/2020:19:44:26 +0530] "GET / HTTP/1.1" 404 709
0:0:0:0:0:0:0:1 - - [17/Jan/2020:19:45:28 +0530] "DELETE /fms_springrest/deleteProduct/100 HTTP/1.1" 500 777
0:0:0:0:0:0:0:1 - - [17/Jan/2020:19:46:17 +0530] "DELETE /fms_springrest/deleteProduct/100 HTTP/1.1" 500 777
127.0.0.1 - - [17/Jan/2020:19:48:32 +0530] "GET / HTTP/1.1" 404 709
0:0:0:0:0:0:0:1 - - [17/Jan/2020:19:48:58 +0530] "DELETE /fms_springrest/deleteProduct/100 HTTP/1.1" 500 777
127.0.0.1 - - [17/Jan/2020:19:49:46 +0530] "GET / HTTP/1.1" 404 709
0:0:0:0:0:0:0:1 - - [17/Jan/2020:19:50:02 +0530] "DELETE /fms_springrest/deleteProduct/100 HTTP/1.1" 200 92
0:0:0:0:0:0:0:1 - - [17/Jan/2020:19:50:31 +0530] "DELETE /fms_springrest/deleteProduct/12 HTTP/1.1" 200 101
127.0.0.1 - - [17/Jan/2020:19:51:15 +0530] "GET / HTTP/1.1" 404 709
0:0:0:0:0:0:0:1 - - [17/Jan/2020:19:51:31 +0530] "DELETE /fms_springrest/deleteProduct/12 HTTP/1.1" 200 92
0:0:0:0:0:0:0:1 - - [17/Jan/2020:19:51:50 +0530] "DELETE /fms_springrest/deleteProduct/12j HTTP/1.1" 400 762
0:0:0:0:0:0:0:1 - - [17/Jan/2020:19:52:12 +0530] "DELETE /fms_springrest/deleteProduct/%2223kj%22 HTTP/1.1" 400 762
127.0.0.1 - - [17/Jan/2020:20:22:01 +0530] "GET / HTTP/1.1" 404 709
0:0:0:0:0:0:0:1 - - [17/Jan/2020:20:25:04 +0530] "POST /fms_springrest/adminRegister HTTP/1.1" 415 722
0:0:0:0:0:0:0:1 - - [17/Jan/2020:20:25:23 +0530] "POST /fms_springrest/adminRegister HTTP/1.1" 200 109
0:0:0:0:0:0:0:1 - - [17/Jan/2020:20:26:14 +0530] "POST /fms_springrest/adminRegister HTTP/1.1" 200 107
0:0:0:0:0:0:0:1 - - [17/Jan/2020:20:26:32 +0530] "POST /fms_springrest/adminRegister HTTP/1.1" 200 107
0:0:0:0:0:0:0:1 - - [17/Jan/2020:20:26:44 +0530] "POST /fms_springrest/adminRegister HTTP/1.1" 200 177
0:0:0:0:0:0:0:1 - - [17/Jan/2020:20:35:07 +0530] "POST /fms_springrest/adminRegister HTTP/1.1" 400 762
0:0:0:0:0:0:0:1 - - [17/Jan/2020:20:35:54 +0530] "POST /fms_springrest/adminLogin HTTP/1.1" 200 105
0:0:0:0:0:0:0:1 - - [17/Jan/2020:20:36:11 +0530] "POST /fms_springrest/adminLogin HTTP/1.1" 200 103
0:0:0:0:0:0:0:1 - - [17/Jan/2020:20:36:22 +0530] "POST /fms_springrest/adminLogin HTTP/1.1" 200 99
0:0:0:0:0:0:0:1 - - [17/Jan/2020:20:36:44 +0530] "POST /fms_springrest/adminLogin HTTP/1.1" 200 177
